GNU gdb (Ubuntu 8.1.1-0ubuntu1) 8.1.1
Copyright (C) 2018 Free Software Foundation, Inc.
License GPLv3+: GNU GPL version 3 or later <http://gnu.org/licenses/gpl.html>
This is free software: you are free to change and redistribute it.
There is NO WARRANTY, to the extent permitted by law.  Type "show copying"
and "show warranty" for details.
This GDB was configured as "x86_64-linux-gnu".
Type "show configuration" for configuration details.
For bug reporting instructions, please see:
<http://www.gnu.org/software/gdb/bugs/>.
Find the GDB manual and other documentation resources online at:
<http://www.gnu.org/software/gdb/documentation/>.
For help, type "help".
Type "apropos word" to search for commands related to "word"...
Reading symbols from a.out...done.
(gdb) b main
Breakpoint 1 at 0x97e: file p2final.c, line 33.
(gdb) r
Starting program: /home/runner/IA2Test4/a.out 
warning: Error disabling address space randomization: Operation not permitted

Breakpoint 1, main () at p2final.c:33
warning: Source file is more recent than executable.
33  {
(gdb) n
35    parameters=input();
(gdb) s
input () at p2final.c:11
11  {
(gdb) n
13    printf("Enter the stomach radius of the camel: ");
(gdb) n
14    scanf("%f",&c.radius);
(gdb) n
Enter the stomach radius of the camel: 23
15    printf("Enter the height of the camel: ");
(gdb) n
16    scanf("%f",&c.height);
(gdb) n
Enter the height of the camel: 15
17    printf("Enter the length of the camel: ");
(gdb) n
18    scanf("%f",&c.length);
(gdb) n
Enter the length of the camel: 12
19    return c;
(gdb) n
20  }
(gdb) n
main () at p2final.c:36
36    find_weight(&parameters);
(gdb) s
find_weight (c=0x7ffe21801910) at p2final.c:24
24    c->weight=pi*pow(c->radius,3)*sqrt(c->height*c->length);
(gdb) n
25  }
(gdb) n
main () at p2final.c:37
37    output(parameters);
(gdb) s
output (c=...) at p2final.c:29
29    printf("The weight of the camel with stomach radius %f, height %f and length %f is %f",c.radius,c.height,c.length,c.weight);
(gdb) n
30  }
(gdb) n
main () at p2final.c:39
(gdb) c
Continuing.
The weight of the camel with stomach radius 23.000000, height 15.000000 and length 12.000000 is 512565.531250[Inferior 1 (process 3164) exited normally]
